// Jest Snapshot v1, https://goo.gl/fbAQLP

exports[`Announcement should render correctly 1`] = `
ShallowWrapper {
  "length": 1,
  Symbol(enzyme.__root__): [Circular],
  Symbol(enzyme.__unrendered__): <Announcement />,
  Symbol(enzyme.__renderer__): Object {
    "batchedUpdates": [Function],
    "getNode": [Function],
    "render": [Function],
    "simulateEvent": [Function],
    "unmount": [Function],
  },
  Symbol(enzyme.__node__): Object {
    "instance": null,
    "key": undefined,
    "nodeType": "host",
    "props": Object {
      "children": <h5
        className="announcement-text"
>
        Get $50 Off + $15 Credit*
</h5>,
      "className": "announcement",
      "href": "#",
    },
    "ref": null,
    "rendered": Object {
      "instance": null,
      "key": undefined,
      "nodeType": "host",
      "props": Object {
        "children": "Get $50 Off + $15 Credit*",
        "className": "announcement-text",
      },
      "ref": null,
      "rendered": "Get $50 Off + $15 Credit*",
      "type": "h5",
    },
    "type": "a",
  },
  Symbol(enzyme.__nodes__): Array [
    Object {
      "instance": null,
      "key": undefined,
      "nodeType": "host",
      "props": Object {
        "children": <h5
          className="announcement-text"
>
          Get $50 Off + $15 Credit*
</h5>,
        "className": "announcement",
        "href": "#",
      },
      "ref": null,
      "rendered": Object {
        "instance": null,
        "key": undefined,
        "nodeType": "host",
        "props": Object {
          "children": "Get $50 Off + $15 Credit*",
          "className": "announcement-text",
        },
        "ref": null,
        "rendered": "Get $50 Off + $15 Credit*",
        "type": "h5",
      },
      "type": "a",
    },
  ],
  Symbol(enzyme.__options__): Object {
    "adapter": ReactSixteenAdapter {
      "options": Object {
        "enableComponentDidUpdateOnSetState": true,
      },
    },
  },
}
`;

exports[`Announcement should render on hover 1`] = `
ShallowWrapper {
  "length": 1,
  Symbol(enzyme.__root__): [Circular],
  Symbol(enzyme.__unrendered__): <Announcement />,
  Symbol(enzyme.__renderer__): Object {
    "batchedUpdates": [Function],
    "getNode": [Function],
    "render": [Function],
    "simulateEvent": [Function],
    "unmount": [Function],
  },
  Symbol(enzyme.__node__): Object {
    "instance": null,
    "key": undefined,
    "nodeType": "host",
    "props": Object {
      "children": <h5
        className="announcement-text"
>
        Get $50 Off + $15 Credit*
</h5>,
      "className": "announcement",
      "href": "#",
    },
    "ref": null,
    "rendered": Object {
      "instance": null,
      "key": undefined,
      "nodeType": "host",
      "props": Object {
        "children": "Get $50 Off + $15 Credit*",
        "className": "announcement-text",
      },
      "ref": null,
      "rendered": "Get $50 Off + $15 Credit*",
      "type": "h5",
    },
    "type": "a",
  },
  Symbol(enzyme.__nodes__): Array [
    Object {
      "instance": null,
      "key": undefined,
      "nodeType": "host",
      "props": Object {
        "children": <h5
          className="announcement-text"
>
          Get $50 Off + $15 Credit*
</h5>,
        "className": "announcement",
        "href": "#",
      },
      "ref": null,
      "rendered": Object {
        "instance": null,
        "key": undefined,
        "nodeType": "host",
        "props": Object {
          "children": "Get $50 Off + $15 Credit*",
          "className": "announcement-text",
        },
        "ref": null,
        "rendered": "Get $50 Off + $15 Credit*",
        "type": "h5",
      },
      "type": "a",
    },
  ],
  Symbol(enzyme.__options__): Object {
    "adapter": ReactSixteenAdapter {
      "options": Object {
        "enableComponentDidUpdateOnSetState": true,
      },
    },
  },
}
`;
