// Jest Snapshot v1, https://goo.gl/fbAQLP

exports[`SearchResult should render correctly 1`] = `
ShallowWrapper {
  "length": 1,
  Symbol(enzyme.__root__): [Circular],
  Symbol(enzyme.__unrendered__): <SearchResult
    date="2016-01-29T00:00:00.000-05:00"
    id="1"
    name="mockName"
/>,
  Symbol(enzyme.__renderer__): Object {
    "batchedUpdates": [Function],
    "getNode": [Function],
    "render": [Function],
    "simulateEvent": [Function],
    "unmount": [Function],
  },
  Symbol(enzyme.__node__): Object {
    "instance": null,
    "key": undefined,
    "nodeType": "host",
    "props": Object {
      "children": Array [
        <h2
          className="store-name"
>
          mockName
</h2>,
        <p
          className="launch-date"
>
          Now Available
</p>,
      ],
      "className": "search-result",
    },
    "ref": null,
    "rendered": Array [
      Object {
        "instance": null,
        "key": undefined,
        "nodeType": "host",
        "props": Object {
          "children": "mockName",
          "className": "store-name",
        },
        "ref": null,
        "rendered": "mockName",
        "type": "h2",
      },
      Object {
        "instance": null,
        "key": undefined,
        "nodeType": "host",
        "props": Object {
          "children": "Now Available",
          "className": "launch-date",
        },
        "ref": null,
        "rendered": "Now Available",
        "type": "p",
      },
    ],
    "type": "div",
  },
  Symbol(enzyme.__nodes__): Array [
    Object {
      "instance": null,
      "key": undefined,
      "nodeType": "host",
      "props": Object {
        "children": Array [
          <h2
            className="store-name"
>
            mockName
</h2>,
          <p
            className="launch-date"
>
            Now Available
</p>,
        ],
        "className": "search-result",
      },
      "ref": null,
      "rendered": Array [
        Object {
          "instance": null,
          "key": undefined,
          "nodeType": "host",
          "props": Object {
            "children": "mockName",
            "className": "store-name",
          },
          "ref": null,
          "rendered": "mockName",
          "type": "h2",
        },
        Object {
          "instance": null,
          "key": undefined,
          "nodeType": "host",
          "props": Object {
            "children": "Now Available",
            "className": "launch-date",
          },
          "ref": null,
          "rendered": "Now Available",
          "type": "p",
        },
      ],
      "type": "div",
    },
  ],
  Symbol(enzyme.__options__): Object {
    "adapter": ReactSixteenAdapter {
      "options": Object {
        "enableComponentDidUpdateOnSetState": true,
      },
    },
  },
}
`;
